CRIAR REPOSITRIO NO SITE DO GITHUB E DAR PUSH

peoj2@LAPTOP-DRDIEMQ2 MINGW64 ~/pasta-git/exercicios (master)
$ cd ..

peoj2@LAPTOP-DRDIEMQ2 MINGW64 ~/pasta-git (master)
$ git remote

peoj2@LAPTOP-DRDIEMQ2 MINGW64 ~/pasta-git (master)
$ git remote add https://github.com/OliveiraJPE/Codigos_git.git
usage: git remote add [<options>] <name> <url>

    -f, --fetch           fetch the remote branches
    --tags                import all tags and associated objects when fetching
                          or do not fetch any tag at all (--no-tags)
    -t, --track <branch>  branch(es) to track
    -m, --master <branch>
                          master branch
    --mirror[=(push|fetch)]
                          set up remote as a mirror to push to or fetch from


peoj2@LAPTOP-DRDIEMQ2 MINGW64 ~/pasta-git (master)
$ git remote add oringin https://github.com/OliveiraJPE/Codigos_git.git

peoj2@LAPTOP-DRDIEMQ2 MINGW64 ~/pasta-git (master)
$ git remote
oringin

peoj2@LAPTOP-DRDIEMQ2 MINGW64 ~/pasta-git (master)
$ git remote -v
oringin https://github.com/OliveiraJPE/Codigos_git.git (fetch)
oringin https://github.com/OliveiraJPE/Codigos_git.git (push)

peoj2@LAPTOP-DRDIEMQ2 MINGW64 ~/pasta-git (master)
$ git push -u origin master
fatal: 'origin' does not appear to be a git repository
fatal: Could not read from remote repository.

Please make sure you have the correct access rights
and the repository exists.

peoj2@LAPTOP-DRDIEMQ2 MINGW64 ~/pasta-git (master)
$ git remote add origin https://github.com/OliveiraJPE/Codigos_git.git

peoj2@LAPTOP-DRDIEMQ2 MINGW64 ~/pasta-git (master)
$ git remote
origin
oringin

peoj2@LAPTOP-DRDIEMQ2 MINGW64 ~/pasta-git (master)
$ git remote -v
origin  https://github.com/OliveiraJPE/Codigos_git.git (fetch)
origin  https://github.com/OliveiraJPE/Codigos_git.git (push)
oringin https://github.com/OliveiraJPE/Codigos_git.git (fetch)
oringin https://github.com/OliveiraJPE/Codigos_git.git (push)

peoj2@LAPTOP-DRDIEMQ2 MINGW64 ~/pasta-git (master)
$ git remote add origin https://github.com/OliveiraJPE/Codigos_git.git
error: remote origin already exists.

peoj2@LAPTOP-DRDIEMQ2 MINGW64 ~/pasta-git (master)
$ git remote
origin
oringin

peoj2@LAPTOP-DRDIEMQ2 MINGW64 ~/pasta-git (master)
$ git push -u origin master
Enumerating objects: 115, done.
Counting objects: 100% (115/115), done.
Delta compression using up to 8 threads
Compressing objects: 100% (101/101), done.
Writing objects: 100% (115/115), 25.04 KiB | 1.67 MiB/s, done.
Total 115 (delta 42), reused 0 (delta 0), pack-reused 0
remote: Resolving deltas: 100% (42/42), done.
remote:
remote: Create a pull request for 'master' on GitHub by visiting:
remote:      https://github.com/OliveiraJPE/Codigos_git/pull/new/master
remote:
To https://github.com/OliveiraJPE/Codigos_git.git
 * [new branch]      master -> master
Branch 'master' set up to track remote branch 'master' from 'origin'.

GIT